
seed used = 1

BASEML (in paml version 4.3, August 2009)  ../Tests/PAML/alignment.phylip  F84 dGamma (ncatG=5)
Nonhomo: 4  fix_kappa 0

Frequencies..
                                    T      C      A      G
Homo_sapie                     0.2027 0.1622 0.3694 0.2658
Pan_troglo                     0.1982 0.1667 0.3694 0.2658
Gorilla_go                     0.2072 0.1577 0.3694 0.2658
Pongo_pygm                     0.2027 0.1622 0.3694 0.2658
Macaca_mul                     0.1937 0.1667 0.3739 0.2658

Homogeneity statistic: X2 = 0.00092 G = 0.00092 

Average                        0.200901 0.163063 0.370270 0.265766

# constant sites:    218 (98.20%)
ln Lmax (unconstrained) = -316.049385

Distances:  F84 (kappa)  (alpha set at 0.50)
This matrix is not used in later m.l. analysis.

Homo_sapie       
Pan_troglo        -0.0000(-0.5000)
Gorilla_go        -0.0000(-0.5000) -0.0000(-0.5000)
Pongo_pygm         0.0000(-0.5000) -0.0000(-0.5000) -0.0000(-0.5000)
Macaca_mul         0.0092( 0.4161)  0.0139( 1.3980)  0.0139( 1.4011)  0.0092( 0.4161)

TREE #  1:  (((1, 2), 3), 4, 5);  MP score: 4.00
lnL(ntime:  7  np: 39):   -320.146611    +0.000000
   6..7     7..8     8..1     8..2     7..3     6..4     6..5  
 0.000004 0.000004 0.000004 0.000485 0.000497 0.000004 0.000348 5.000016 4.999600 5.000098 9.751001 10.127161 5.000039 1.314516 0.261069 0.251972 0.247930 0.000007 0.580238 0.418836 0.586667 0.000004 0.412688 0.250165 0.248710 0.270960 0.000000 0.019364 0.978582 0.202700 0.162156 0.369404 0.244035 0.259594 0.255246 0.250801 0.276508 0.253669 3.617656

tree length =   0.00135

(((Homo_sapie, Pan_troglo), Gorilla_go), Pongo_pygm, Macaca_mul);

(((Homo_sapie: 0.000004, Pan_troglo: 0.000485): 0.000004, Gorilla_go: 0.000497): 0.000004, Pongo_pygm: 0.000004, Macaca_mul: 0.000348);

Detailed output identifying parameters
kappa under F84 (in order of branches):  5.00002  4.99960  5.00010  9.75100 10.12716  5.00004  1.31452

(frequency parameters for branches)  [frequencies at nodes] (see Yang & Roberts 1995 fig 1)

Node #1  ( 0.26107  0.25197  0.24793  0.23903 )
Node #2  ( 0.00001  0.58024  0.41884  0.00092 )
Node #3  ( 0.58667  0.00000  0.41269  0.00064 )
Node #4  ( 0.25017  0.24871  0.27096  0.23016 )
Node #5  ( 0.00000  0.01936  0.97858  0.00205 )
Node #6  ( 0.20270  0.16216  0.36940  0.26574 )
Node #7  ( 0.24403  0.25959  0.25525  0.24113 )
Node #8  ( 0.25080  0.27651  0.25367  0.21902 )

Note: node 6 is root.

alpha (gamma, K=5) =  3.61766
rate:   0.39403  0.67268  0.91146  1.20317  1.81865
freq:   0.20000  0.20000  0.20000  0.20000  0.20000

check convergence..
