
seed used = 1024367529

BASEML (in paml version 4.1, August 2008)  Alignments/alignment.phylip  F84 dGamma (ncatG=5)
Nonhomo: 3  fix_kappa 0

Frequencies..
                                    T      C      A      G
Homo_sapie                     0.2027 0.1622 0.3694 0.2658
Pan_troglo                     0.1982 0.1667 0.3694 0.2658
Gorilla_go                     0.2072 0.1577 0.3694 0.2658
Pongo_pygm                     0.2027 0.1622 0.3694 0.2658
Macaca_mul                     0.1937 0.1667 0.3739 0.2658

Homogeneity statistic: X2 = 0.00092 G = 0.00092 

Average                        0.200901 0.163063 0.370270 0.265766

# constant sites:    218 (98.20%)
ln Lmax (unconstrained) = -316.049385

Distances:  F84 (kappa)  (alpha set at 0.50)
This matrix is not used in later m.l. analysis.

Homo_sapie       
Pan_troglo        -0.0000(-0.5000)
Gorilla_go        -0.0000(-0.5000) -0.0000(-0.5000)
Pongo_pygm         0.0000(-0.5000) -0.0000(-0.5000) -0.0000(-0.5000)
Macaca_mul         0.0092( 0.4161)  0.0139( 1.3980)  0.0139( 1.4011)  0.0092( 0.4161)

TREE #  1:  (((1, 2), 3), 4, 5);  MP score: 4.00
lnL(ntime:  7  np: 36):   -320.176879   +0.000000
   6..7     7..8     8..1     8..2     7..3     6..4     6..5  
  0.00000  0.00000  0.00000  0.00041  0.00056  0.00000  0.00023  4.99999  4.99945  5.00006  7.39688  7.16024  5.00003  1.23095  0.24734  0.25125  0.27126  0.00021  0.85505  0.13509  0.75165  0.00015  0.24177  0.25705  0.27419  0.24148  0.00001  0.01023  0.98759  0.24289  0.27469  0.25422  0.20325  0.16244  0.36910  1.83953

tree length =   0.00120

(((Homo_sapie, Pan_troglo), Gorilla_go), Pongo_pygm, Macaca_mul);

(((Homo_sapie: 0.000004, Pan_troglo: 0.000406): 0.000000, Gorilla_go: 0.000557): 0.000000, Pongo_pygm: 0.000004, Macaca_mul: 0.000226);

Detailed output identifying parameters
kappa under F84 (in order of branches):  4.99999  4.99945  5.00006  7.39688  7.16024  5.00003  1.23095

(frequency parameters for branches)  [frequencies at nodes] (see Yang & Roberts 1995 fig 1)

Node #1  ( 0.24734  0.25125  0.27126  0.23015 )
Node #2  ( 0.00021  0.85505  0.13509  0.00965 )
Node #3  ( 0.75165  0.00015  0.24177  0.00643 )
Node #4  ( 0.25705  0.27419  0.24148  0.22728 )
Node #5  ( 0.00001  0.01023  0.98759  0.00218 )
Node #6  ( 0.20325  0.16244  0.36910  0.26520 )
Node #7  ( 0.24289  0.27469  0.25422  0.22820 )
Node #8  ( 0.24289  0.27469  0.25422  0.22820 )

Note: node 6 is root.

alpha (gamma, K=5) =  1.83953
rate:   0.23549  0.52882  0.82956  1.23308  2.17305
freq:   0.20000  0.20000  0.20000  0.20000  0.20000

check convergence..
