
seed used = 1024014429
CODONML (in paml version 4.1, August 2008)  ../Alignments/lysinYangSwanson2002.nuc
Model: One dN/dS ratio for branches (2 genes: diff. rate & k&w)  
Codon frequencies: F3x4
ns =  25  ls = 134

Codon usage in sequences
--------------------------------------------------------------------------------------------------------------
Phe TTT  3  3  3  3  3  3 | Ser TCT  1  1  1  1  0  0 | Tyr TAT  2  2  1  2  3  3 | Cys TGT  0  0  0  0  0  0
    TTC  3  3  3  3  3  4 |     TCC  0  0  0  0  0  0 |     TAC  8  8  8  7  6  5 |     TGC  0  0  0  0  0  0
Leu TTA  2  2  1  2  1  1 |     TCA  0  0  1  1  0  0 | *** TAA  0  0  0  0  0  0 | *** TGA  0  0  0  0  0  0
    TTG  1  1  1  1  1  1 |     TCG  0  1  1  0  0  0 |     TAG  0  0  0  0  0  0 | Trp TGG  4  4  4  5  4  4
--------------------------------------------------------------------------------------------------------------
Leu CTT  1  1  1  1  2  2 | Pro CCT  0  0  0  0  0  0 | His CAT  2  2  1  0  3  2 | Arg CGT  2  2  2  2  2  2
    CTC  1  1  1  1  1  1 |     CCC  1  1  1  1  1  0 |     CAC  1  2  2  2  1  1 |     CGC  2  3  3  2  2  2
    CTA  0  0  0  0  0  0 |     CCA  4  5  3  5  5  5 | Gln CAA  0  0  0  1  1  0 |     CGA  0  0  0  1  0  1
    CTG  6  6  6  5  5  5 |     CCG  1  0  0  0  0  0 |     CAG  3  3  3  3  4  4 |     CGG  1  1  1  1  1  1
--------------------------------------------------------------------------------------------------------------
Ile ATT  4  4  5  4  3  3 | Thr ACT  1  2  1  2  2  2 | Asn AAT  4  3  5  5  4  5 | Ser AGT  0  0  0  0  0  0
    ATC  3  3  4  3  4  4 |     ACC  2  2  1  2  1  1 |     AAC  2  4  3  2  3  5 |     AGC  1  0  0  1  0  1
    ATA  1  1  0  1  1  0 |     ACA  2  2  2  0  0  0 | Lys AAA  4  4  3  4  4  4 | Arg AGA  7  6  8  7  9  9
Met ATG  7  7  6  8  7  6 |     ACG  0  1  1  0  1  1 |     AAG  8  7  6  8  6  5 |     AGG  0  1  2  1  1  2
--------------------------------------------------------------------------------------------------------------
Val GTT  7  6  5  9  7  5 | Ala GCT  3  2  4  1  2  4 | Asp GAT  5  5  4  4  4  6 | Gly GGT  2  2  1  2  3  2
    GTC  3  2  2  1  3  1 |     GCC  1  1  1  2  1  2 |     GAC  2  1  2  1  3  1 |     GGC  2  2  2  2  2  2
    GTA  1  1  3  0  1  2 |     GCA  3  3  4  3  2  3 | Glu GAA  5  4  4  3  5  3 |     GGA  2  3  3  2  2  2
    GTG  0  0  0  0  0  2 |     GCG  2  2  2  3  2  2 |     GAG  0  0  1  2  1  1 |     GGG  1  1  0  1  0  0
--------------------------------------------------------------------------------------------------------------

--------------------------------------------------------------------------------------------------------------
Phe TTT  3  3  3  3  4  4 | Ser TCT  0  0  0  1  0  0 | Tyr TAT  3  3  4  4  0  1 | Cys TGT  0  0  0  0  0  0
    TTC  4  4  3  4  1  1 |     TCC  0  0  0  1  2  0 |     TAC  5  6  6  5  7  7 |     TGC  0  0  0  0  0  0
Leu TTA  1  1  0  1  1  0 |     TCA  0  0  0  0  1  0 | *** TAA  0  0  0  0  0  0 | *** TGA  0  0  0  0  0  0
    TTG  1  1  3  2  4  4 |     TCG  0  0  0  0  0  1 |     TAG  0  0  0  0  0  0 | Trp TGG  4  3  3  4  5  4
--------------------------------------------------------------------------------------------------------------
Leu CTT  2  1  2  1  3  3 | Pro CCT  0  1  1  0  3  2 | His CAT  2  2  2  2  3  2 | Arg CGT  2  4  3  3  5  4
    CTC  1  1  1  2  0  0 |     CCC  0  0  0  1  1  2 |     CAC  1  1  1  1  3  2 |     CGC  2  4  4  2  2  2
    CTA  0  0  0  0  0  0 |     CCA  5  5  4  3  1  2 | Gln CAA  0  0  2  0  3  3 |     CGA  1  0  1  2  0  2
    CTG  5  6  5  4  2  2 |     CCG  0  1  1  1  0  0 |     CAG  4  3  4  5  6  4 |     CGG  1  1  0  1  0  0
--------------------------------------------------------------------------------------------------------------
Ile ATT  3  5  4  1  3  3 | Thr ACT  2  0  0  3  1  1 | Asn AAT  5  3  9  5  1  2 | Ser AGT  0  2  0  0  0  0
    ATC  4  2  2  3  4  4 |     ACC  1  2  2  2  1  2 |     AAC  5  4  3  3  3  2 |     AGC  1  0  0  1  3  4
    ATA  0  2  1  3  2  1 |     ACA  0  1  0  1  0  0 | Lys AAA  4  2  3  3  3  3 | Arg AGA  8  6  7  7  3  4
Met ATG  6  6  6  6  4  4 |     ACG  1  1  1  1  1  1 |     AAG  5  6  5  7  4  5 |     AGG  2  2  2  1  5  5
--------------------------------------------------------------------------------------------------------------
Val GTT  5  6  5  7  7  7 | Ala GCT  4  1  3  2  2  2 | Asp GAT  6  4  2  3  2  2 | Gly GGT  2  1  2  2  2  2
    GTC  1  3  4  2  3  4 |     GCC  2  2  1  2  4  4 |     GAC  1  1  2  1  1  2 |     GGC  2  2  2  2  2  1
    GTA  2  1  1  1  1  2 |     GCA  2  5  3  6  3  2 | Glu GAA  4  3  4  2  4  4 |     GGA  3  3  3  2  1  1
    GTG  2  1  2  0  2  3 |     GCG  2  1  1  0  0  0 |     GAG  1  3  1  0  1  1 |     GGG  0  1  0  1  1  1
--------------------------------------------------------------------------------------------------------------

--------------------------------------------------------------------------------------------------------------
Phe TTT  4  4  4  4  6  5 | Ser TCT  0  0  0  0  1  0 | Tyr TAT  0  3  0  0  2  2 | Cys TGT  0  0  0  0  0  0
    TTC  2  2  2  2  1  1 |     TCC  0  3  1  1  0  1 |     TAC  5  4  6  6  4  6 |     TGC  0  0  0  0  0  0
Leu TTA  0  0  0  0  1  0 |     TCA  0  0  0  0  0  0 | *** TAA  0  0  0  0  0  0 | *** TGA  0  0  0  0  0  0
    TTG  4  3  4  4  5  4 |     TCG  1  0  0  0  0  0 |     TAG  0  0  0  0  0  0 | Trp TGG  4  4  4  4  4  4
--------------------------------------------------------------------------------------------------------------
Leu CTT  3  4  3  3  4  5 | Pro CCT  3  2  2  2  1  2 | His CAT  3  1  2  2  1  2 | Arg CGT  4  5  4  4  7  6
    CTC  0  0  0  0  1  1 |     CCC  3  1  1  1  1  1 |     CAC  3  4  3  3  2  2 |     CGC  2  3  3  3  1  1
    CTA  1  0  0  0  0  0 |     CCA  1  2  2  2  4  3 | Gln CAA  4  1  1  1  2  1 |     CGA  2  1  1  1  1  1
    CTG  2  3  4  4  2  1 |     CCG  0  1  0  0  0  2 |     CAG  4  2  6  6  4  3 |     CGG  0  0  0  0  1  0
--------------------------------------------------------------------------------------------------------------
Ile ATT  6  6  3  3  1  5 | Thr ACT  1  3  1  1  2  3 | Asn AAT  1  3  4  4  2  1 | Ser AGT  1  1  1  1  2  0
    ATC  4  4  4  4  6  5 |     ACC  2  1  2  1  2  2 |     AAC  2  3  4  5  5  1 |     AGC  2  2  2  2  1  3
    ATA  1  1  2  2  0  0 |     ACA  1  1  0  0  0  0 | Lys AAA  2  3  3  3  2  2 | Arg AGA  4  5  4  4  6  5
Met ATG  4  6  5  5  2  4 |     ACG  0  1  1  1  1  1 |     AAG  5  7  5  5  2  6 |     AGG  5  6  5  5  5  5
--------------------------------------------------------------------------------------------------------------
Val GTT  6  1  6  6  4  3 | Ala GCT  3  1  1  1  2  1 | Asp GAT  2  3  1  1  2  2 | Gly GGT  2  2  2  2  1  1
    GTC  2  3  3  3  2  3 |     GCC  5  3  3  4  4  5 |     GAC  2  1  2  1  1  1 |     GGC  1  1  1  1  4  1
    GTA  2  0  1  1  3  2 |     GCA  3  3  3  3  2  7 | Glu GAA  2  3  3  3  4  2 |     GGA  1  2  2  2  2  2
    GTG  2  0  1  1  3  2 |     GCG  0  0  0  0  1  0 |     GAG  1  2  2  2  0  1 |     GGG  1  1  1  1  1  1
--------------------------------------------------------------------------------------------------------------

--------------------------------------------------------------------------------------------------------------
Phe TTT  4  3  3  4  3  3 | Ser TCT  0  0  1  2  0  0 | Tyr TAT  1  3  2  0  2  2 | Cys TGT  0  0  0  0  0  0
    TTC  0  1  1  1  1  1 |     TCC  1  0  0  0  0  0 |     TAC  5  4  4  6  7  7 |     TGC  0  0  0  0  0  0
Leu TTA  0  0  2  0  1  1 |     TCA  0  2  0  1  0  0 | *** TAA  0  0  0  0  0  0 | *** TGA  0  0  0  0  0  0
    TTG  2  3  5  4  3  4 |     TCG  0  0  0  0  0  0 |     TAG  0  0  0  0  0  0 | Trp TGG  5  5  5  5  3  3
--------------------------------------------------------------------------------------------------------------
Leu CTT  2  4  4  4  3  3 | Pro CCT  1  1  1  1  1  1 | His CAT  2  1  2  1  1  2 | Arg CGT  6  4  6  6  5  4
    CTC  1  0  1  0  0  0 |     CCC  3  2  0  1  2  2 |     CAC  1  1  1  2  2  0 |     CGC  3  4  3  3  0  0
    CTA  0  1  0  0  1  1 |     CCA  4  1  4  3  2  2 | Gln CAA  0  1  1  3  3  4 |     CGA  2  0  1  0  1  1
    CTG  5  4  2  3  3  3 |     CCG  0  0  2  0  1  1 |     CAG  5  2  3  4  3  3 |     CGG  0  1  2  0  0  0
--------------------------------------------------------------------------------------------------------------
Ile ATT  5  4  4  2  6  5 | Thr ACT  2  2  2  2  2  2 | Asn AAT  0  1  2  1  0  0 | Ser AGT  3  2  3  0  1  1
    ATC  4  4  4  5  4  4 |     ACC  0  1  2  2  2  1 |     AAC  8  5  4  5  5  6 |     AGC  1  2  1  3  1  1
    ATA  2  2  1  1  2  2 |     ACA  1  3  0  1  1  1 | Lys AAA  1  2  4  1  4  4 | Arg AGA  5  4  5  6  2  2
Met ATG  5  4  5  4  4  3 |     ACG  1  2  2  1  1  1 |     AAG  6  4  3  5  6  6 |     AGG  3  4  2  4  2  3
--------------------------------------------------------------------------------------------------------------
Val GTT  2  4  4  5  5  6 | Ala GCT  3  2  3  2  4  4 | Asp GAT  1  2  1  3  4  4 | Gly GGT  2  4  2  1  2  2
    GTC  2  1  1  2  1  1 |     GCC  4  6  1  6  3  3 |     GAC  1  1  3  1  1  1 |     GGC  3  1  1  0  1  1
    GTA  2  1  1  2  2  2 |     GCA  4  7  6  4  1  1 | Glu GAA  3  3  2  3  3  3 |     GGA  1  2  2  2  3  2
    GTG  2  1  2  3  1  1 |     GCG  0  1  0  0  0  0 |     GAG  1  1  2  0  1  1 |     GGG  0  1  1  2  1  2
--------------------------------------------------------------------------------------------------------------

--------------------------------------------------
Phe TTT  2 | Ser TCT  1 | Tyr TAT  1 | Cys TGT  0
    TTC  3 |     TCC  0 |     TAC  6 |     TGC  0
Leu TTA  4 |     TCA  1 | *** TAA  0 | *** TGA  0
    TTG  3 |     TCG  1 |     TAG  0 | Trp TGG  4
--------------------------------------------------
Leu CTT  3 | Pro CCT  1 | His CAT  1 | Arg CGT  3
    CTC  0 |     CCC  1 |     CAC  1 |     CGC  4
    CTA  0 |     CCA  4 | Gln CAA  0 |     CGA  2
    CTG  3 |     CCG  1 |     CAG  4 |     CGG  0
--------------------------------------------------
Ile ATT  4 | Thr ACT  3 | Asn AAT  4 | Ser AGT  2
    ATC  2 |     ACC  2 |     AAC  1 |     AGC  2
    ATA  2 |     ACA  1 | Lys AAA  6 | Arg AGA  5
Met ATG  5 |     ACG  2 |     AAG  5 |     AGG  2
--------------------------------------------------
Val GTT  0 | Ala GCT  3 | Asp GAT  2 | Gly GGT  3
    GTC  2 |     GCC  3 |     GAC  1 |     GGC  2
    GTA  2 |     GCA  4 | Glu GAA  2 |     GGA  1
    GTG  0 |     GCG  1 |     GAG  0 |     GGG  3
--------------------------------------------------

Codon position x base (3x4) table for each sequence.

#1: __1_H._rufescens
position  1:    T:0.17910    C:0.18657    A:0.34328    G:0.29104
position  2:    T:0.32090    C:0.15672    A:0.34328    G:0.17910
position  3:    T:0.27612    C:0.23881    A:0.23134    G:0.25373
Average         T:0.25871    C:0.19403    A:0.30597    G:0.24129

#2: __2_H._sorenseni
position  1:    T:0.18657    C:0.20149    A:0.35075    G:0.26119
position  2:    T:0.30597    C:0.17164    A:0.33582    G:0.18657
position  3:    T:0.26119    C:0.24627    A:0.23134    G:0.26119
Average         T:0.25124    C:0.20647    A:0.30597    G:0.23632

#3: __3_H._walallensis
position  1:    T:0.18045    C:0.18045    A:0.35338    G:0.28571
position  2:    T:0.30827    C:0.17293    A:0.32331    G:0.19549
position  3:    T:0.25564    C:0.24812    A:0.24060    G:0.25564
Average         T:0.24812    C:0.20050    A:0.30576    G:0.24561

#4: __4_H._kamtschatkana
position  1:    T:0.18657    C:0.18657    A:0.35821    G:0.26866
position  2:    T:0.31343    C:0.15672    A:0.32836    G:0.20149
position  3:    T:0.26866    C:0.22388    A:0.22388    G:0.28358
Average         T:0.25622    C:0.18905    A:0.30348    G:0.25124

#5: __5_H._sieboldii
position  1:    T:0.15789    C:0.21053    A:0.34586    G:0.28571
position  2:    T:0.31579    C:0.12782    A:0.36090    G:0.19549
position  3:    T:0.28571    C:0.23308    A:0.23308    G:0.24812
Average         T:0.25313    C:0.19048    A:0.31328    G:0.24311

#6: __6_H._discus_hannai
position  1:    T:0.15789    C:0.19549    A:0.36090    G:0.28571
position  2:    T:0.30075    C:0.15038    A:0.33835    G:0.21053
position  3:    T:0.29323    C:0.22556    A:0.22556    G:0.25564
Average         T:0.25063    C:0.19048    A:0.30827    G:0.25063

#7: __7_H._gigantea
position  1:    T:0.15789    C:0.19549    A:0.35338    G:0.29323
position  2:    T:0.30075    C:0.14286    A:0.34586    G:0.21053
position  3:    T:0.29323    C:0.22556    A:0.22556    G:0.25564
Average         T:0.25063    C:0.18797    A:0.30827    G:0.25313

#8: __8_H._corrugata
position  1:    T:0.15789    C:0.22556    A:0.33083    G:0.28571
position  2:    T:0.32331    C:0.15038    A:0.30827    G:0.21805
position  3:    T:0.27068    C:0.24060    A:0.21805    G:0.27068
Average         T:0.25063    C:0.20551    A:0.28571    G:0.25815

#9: __9_H._cracherodii
position  1:    T:0.16418    C:0.23134    A:0.33582    G:0.26866
position  2:    T:0.31343    C:0.12687    A:0.35821    G:0.20149
position  3:    T:0.29851    C:0.23134    A:0.21642    G:0.25373
Average         T:0.25871    C:0.19652    A:0.30348    G:0.24129

#10: _10_H._fulgens 
position  1:    T:0.18797    C:0.21053    A:0.35338    G:0.24812
position  2:    T:0.30075    C:0.18045    A:0.30827    G:0.21053
position  3:    T:0.27820    C:0.24060    A:0.23308    G:0.24812
Average         T:0.25564    C:0.21053    A:0.29825    G:0.23559

#11: _11_H._roei    
position  1:    T:0.19084    C:0.24427    A:0.29008    G:0.27481
position  2:    T:0.31298    C:0.15267    A:0.31298    G:0.22137
position  3:    T:0.27481    C:0.28244    A:0.17557    G:0.26718
Average         T:0.25954    C:0.22646    A:0.25954    G:0.25445

#12: _12_H._scalaris
position  1:    T:0.16794    C:0.22901    A:0.31298    G:0.29008
position  2:    T:0.32061    C:0.14504    A:0.30534    G:0.22901
position  3:    T:0.26718    C:0.28244    A:0.18321    G:0.26718
Average         T:0.25191    C:0.21883    A:0.26718    G:0.26209

#13: _13_H._laevigata
position  1:    T:0.15267    C:0.26718    A:0.31298    G:0.26718
position  2:    T:0.32824    C:0.17557    A:0.27481    G:0.22137
position  3:    T:0.29771    C:0.26718    A:0.18321    G:0.25191
Average         T:0.25954    C:0.23664    A:0.25700    G:0.24682

#14: _14_H._cyclobates
position  1:    T:0.17424    C:0.22727    A:0.40152    G:0.19697
position  2:    T:0.28030    C:0.16667    A:0.30303    G:0.25000
position  3:    T:0.29545    C:0.26515    A:0.16667    G:0.27273
Average         T:0.25000    C:0.21970    A:0.29040    G:0.23990

#15: _15_H._rubra   
position  1:    T:0.16031    C:0.24427    A:0.35115    G:0.24427
position  2:    T:0.32061    C:0.12977    A:0.32061    G:0.22901
position  3:    T:0.25954    C:0.28244    A:0.16794    G:0.29008
Average         T:0.24682    C:0.21883    A:0.27990    G:0.25445

#16: _16_H._conicopora
position  1:    T:0.16031    C:0.24427    A:0.35115    G:0.24427
position  2:    T:0.32061    C:0.12977    A:0.32061    G:0.22901
position  3:    T:0.25954    C:0.28244    A:0.16794    G:0.29008
Average         T:0.24682    C:0.21883    A:0.27990    G:0.25445

#17: _17_H._pustulata
position  1:    T:0.18321    C:0.24427    A:0.29771    G:0.27481
position  2:    T:0.31298    C:0.16031    A:0.25191    G:0.27481
position  3:    T:0.29008    C:0.26718    A:0.20611    G:0.23664
Average         T:0.26209    C:0.22392    A:0.25191    G:0.26209

#18: _18_H._midae   
position  1:    T:0.17557    C:0.23664    A:0.32824    G:0.25954
position  2:    T:0.31298    C:0.21374    A:0.24427    G:0.22901
position  3:    T:0.29008    C:0.25954    A:0.19084    G:0.25954
Average         T:0.25954    C:0.23664    A:0.25445    G:0.24936

#19: _19_H._ovina   
position  1:    T:0.13740    C:0.26718    A:0.35878    G:0.23664
position  2:    T:0.29008    C:0.18321    A:0.26718    G:0.25954
position  3:    T:0.25954    C:0.28244    A:0.19084    G:0.26718
Average         T:0.22901    C:0.24427    A:0.27226    G:0.25445

#20: _20_H._diversicolor
position  1:    T:0.15909    C:0.20455    A:0.34848    G:0.28788
position  2:    T:0.28030    C:0.22727    A:0.23485    G:0.25758
position  3:    T:0.28030    C:0.25000    A:0.21970    G:0.25000
Average         T:0.23990    C:0.22727    A:0.26768    G:0.26515

#21: _21_H._varia   
position  1:    T:0.17424    C:0.25000    A:0.33333    G:0.24242
position  2:    T:0.30303    C:0.18182    A:0.25758    G:0.25758
position  3:    T:0.30303    C:0.20455    A:0.21970    G:0.27273
Average         T:0.26010    C:0.21212    A:0.27020    G:0.25758

#22: _22_H._australis
position  1:    T:0.17293    C:0.23308    A:0.32331    G:0.27068
position  2:    T:0.30075    C:0.19549    A:0.26316    G:0.24060
position  3:    T:0.25564    C:0.27820    A:0.20301    G:0.26316
Average         T:0.24311    C:0.23559    A:0.26316    G:0.25815

#23: _23_H._t.tuberculata
position  1:    T:0.16129    C:0.22581    A:0.34677    G:0.26613
position  2:    T:0.32258    C:0.16129    A:0.33871    G:0.17742
position  3:    T:0.31452    C:0.24194    A:0.20968    G:0.23387
Average         T:0.26613    C:0.20968    A:0.29839    G:0.22581

#24: _24_H._t.coccinea
position  1:    T:0.16935    C:0.21774    A:0.33871    G:0.27419
position  2:    T:0.32258    C:0.15323    A:0.34677    G:0.17742
position  3:    T:0.31452    C:0.22581    A:0.20968    G:0.25000
Average         T:0.26882    C:0.19892    A:0.29839    G:0.23387

#25: _25_H._iris    
position  1:    T:0.19847    C:0.21374    A:0.36641    G:0.22137
position  2:    T:0.26718    C:0.22137    A:0.25954    G:0.25191
position  3:    T:0.25191    C:0.22901    A:0.25954    G:0.25954
Average         T:0.23919    C:0.22137    A:0.29517    G:0.24427

Codon usage in genes
--------------------------------------------------------------
Phe TTT 39 48 | Ser TCT  0 10 | Tyr TAT 15 31 | Cys TGT  0  0
    TTC 31 23 |     TCC  0 10 |     TAC 78 70 |     TGC  0  0
Leu TTA 20  2 |     TCA  0  7 | *** TAA  0  0 | *** TGA  0  0
    TTG 53 16 |     TCG  2  3 |     TAG  0  0 | Trp TGG 65 37
--------------------------------------------------------------
Leu CTT 48 17 | Pro CCT  8 18 | His CAT  2 42 | Arg CGT  0 97
    CTC  4 11 |     CCC  1 27 |     CAC  0 43 |     CGC  0 60
    CTA  2  2 |     CCA 16 65 | Gln CAA  1 31 |     CGA  1 21
    CTG 80 16 |     CCG  0 12 |     CAG 24 71 |     CGG  0 13
--------------------------------------------------------------
Ile ATT 52 44 | Thr ACT  1 42 | Asn AAT 30 44 | Ser AGT  0 20
    ATC 91  3 |     ACC  4 35 |     AAC 13 80 |     AGC  0 35
    ATA 26  5 |     ACA  2 16 | Lys AAA  0 78 | Arg AGA 18 120
Met ATG 100 29 |     ACG 14 11 |     AAG 26 111 |     AGG  7 68
--------------------------------------------------------------
Val GTT 44 84 | Ala GCT  2 58 | Asp GAT  1 74 | Gly GGT 26 23
    GTC 20 35 |     GCC  0 73 |     GAC 24 11 |     GGC 24 17
    GTA 15 22 |     GCA 22 65 | Glu GAA 24 57 |     GGA 34 17
    GTG  5 26 |     GCG  8 12 |     GAG  0 26 |     GGG 15  8
--------------------------------------------------------------

Codon position x base (3x4) table for each gene.


Gene #1
position  1:    T:0.26626    C:0.16432    A:0.33743    G:0.23199
position  2:    T:0.55360    C:0.07030    A:0.20914    G:0.16696
position  3:    T:0.23550    C:0.25483    A:0.15905    G:0.35062
Average         T:0.35179    C:0.16315    A:0.23521    G:0.24985

Gene #2
position  1:    T:0.11942    C:0.25372    A:0.34433    G:0.28253
position  2:    T:0.17797    C:0.21561    A:0.35734    G:0.24907
position  3:    T:0.30297    C:0.24768    A:0.23606    G:0.21329
Average         T:0.20012    C:0.23900    A:0.31258    G:0.24830

Sums of codon usage counts
------------------------------------------------------------------------------
Phe F TTT      87 | Ser S TCT      10 | Tyr Y TAT      46 | Cys C TGT       0
      TTC      54 |       TCC      10 |       TAC     148 |       TGC       0
Leu L TTA      22 |       TCA       7 | *** * TAA       0 | *** * TGA       0
      TTG      69 |       TCG       5 |       TAG       0 | Trp W TGG     102
------------------------------------------------------------------------------
Leu L CTT      65 | Pro P CCT      26 | His H CAT      44 | Arg R CGT      97
      CTC      15 |       CCC      28 |       CAC      43 |       CGC      60
      CTA       4 |       CCA      81 | Gln Q CAA      32 |       CGA      22
      CTG      96 |       CCG      12 |       CAG      95 |       CGG      13
------------------------------------------------------------------------------
Ile I ATT      96 | Thr T ACT      43 | Asn N AAT      74 | Ser S AGT      20
      ATC      94 |       ACC      39 |       AAC      93 |       AGC      35
      ATA      31 |       ACA      18 | Lys K AAA      78 | Arg R AGA     138
Met M ATG     129 |       ACG      25 |       AAG     137 |       AGG      75
------------------------------------------------------------------------------
Val V GTT     128 | Ala A GCT      60 | Asp D GAT      75 | Gly G GGT      49
      GTC      55 |       GCC      73 |       GAC      35 |       GGC      41
      GTA      37 |       GCA      87 | Glu E GAA      81 |       GGA      51
      GTG      31 |       GCG      20 |       GAG      26 |       GGG      23
------------------------------------------------------------------------------

(Ambiguity data are not used in the counts.)


Codon position x base (3x4) table, overall

position  1:    T:0.17021    C:0.22280    A:0.34195    G:0.26505
position  2:    T:0.30790    C:0.16535    A:0.30608    G:0.22067
position  3:    T:0.27964    C:0.25015    A:0.20942    G:0.26079
Average         T:0.25258    C:0.21277    A:0.28582    G:0.24883

TREE #  1:  ((10, (((4, (1, (2, 3))), (5, (6, 7))), (8, 9))), 25, ((17, (24, 23)), (22, ((18, ((11, (12, 13)), (14, (15, 16)))), ((19, 21), 20)))));   MP score: -1
lnL(ntime: 47  np: 52):  -4532.120844     +0.000000
  26..27   27..10   27..28   28..29   29..30   30..4    30..31   31..1    31..32   32..2    32..3    29..33   33..5    33..34   34..6    34..7    28..35   35..8    35..9    26..25   26..36   36..37   37..17   37..38   38..24   38..23   36..39   39..22   39..40   40..41   41..18   41..42   42..43   43..11   43..44   44..12   44..13   42..45   45..14   45..46   46..15   46..16   40..47   47..48   48..19   48..21   47..20 
 0.282980 0.174278 0.085038 0.035662 0.076323 0.085244 0.011084 0.046310 0.010882 0.013192 0.062353 0.047577 0.010578 0.063931 0.007153 0.000004 0.022567 0.056062 0.135907 0.339131 0.075449 0.121992 0.110350 0.175358 0.031054 0.013538 0.030402 0.146881 0.018762 0.049069 0.220050 0.040089 0.013332 0.043898 0.063155 0.069594 0.053310 0.073078 0.192882 0.051574 0.006834 0.000461 0.061435 0.074719 0.093187 0.170633 0.185924 2.687122 1.726153 0.393334 1.513293 1.247576

Note: Branch length is defined as number of nucleotide substitutions per codon (not per neucleotide site).
Note: Branch length is defined for the first gene (site partition).
For other genes, look at "rates for genes".

tree length =   3.75327 (1st gene)

((10: 0.174278, (((4: 0.085244, (1: 0.046310, (2: 0.013192, 3: 0.062353): 0.010882): 0.011084): 0.076323, (5: 0.010578, (6: 0.007153, 7: 0.000004): 0.063931): 0.047577): 0.035662, (8: 0.056062, 9: 0.135907): 0.022567): 0.085038): 0.282980, 25: 0.339131, ((17: 0.110350, (24: 0.031054, 23: 0.013538): 0.175358): 0.121992, (22: 0.146881, ((18: 0.220050, ((11: 0.043898, (12: 0.069594, 13: 0.053310): 0.063155): 0.013332, (14: 0.192882, (15: 0.006834, 16: 0.000461): 0.051574): 0.073078): 0.040089): 0.049069, ((19: 0.093187, 21: 0.170633): 0.074719, 20: 0.185924): 0.061435): 0.018762): 0.030402): 0.075449);

((_10_H._fulgens: 0.174278, (((__4_H._kamtschatkana: 0.085244, (__1_H._rufescens: 0.046310, (__2_H._sorenseni: 0.013192, __3_H._walallensis: 0.062353): 0.010882): 0.011084): 0.076323, (__5_H._sieboldii: 0.010578, (__6_H._discus_hannai: 0.007153, __7_H._gigantea: 0.000004): 0.063931): 0.047577): 0.035662, (__8_H._corrugata: 0.056062, __9_H._cracherodii: 0.135907): 0.022567): 0.085038): 0.282980, _25_H._iris: 0.339131, ((_17_H._pustulata: 0.110350, (_24_H._t.coccinea: 0.031054, _23_H._t.tuberculata: 0.013538): 0.175358): 0.121992, (_22_H._australis: 0.146881, ((_18_H._midae: 0.220050, ((_11_H._roei: 0.043898, (_12_H._scalaris: 0.069594, _13_H._laevigata: 0.053310): 0.063155): 0.013332, (_14_H._cyclobates: 0.192882, (_15_H._rubra: 0.006834, _16_H._conicopora: 0.000461): 0.051574): 0.073078): 0.040089): 0.049069, ((_19_H._ovina: 0.093187, _21_H._varia: 0.170633): 0.074719, _20_H._diversicolor: 0.185924): 0.061435): 0.018762): 0.030402): 0.075449);

Detailed output identifying parameters

rates for 2 genes:     1  2.68712

gene # 1: kappa =   1.72615 omega =   0.39333
gene # 2: kappa =   1.51329 omega =   1.24758

Time used:  6:42
