
seed used = 1024367525

BASEML (in paml version 4.4c, August 2010)  Alignments/alignment.phylip  UNREST dGamma (ncatG=5)
Frequencies..
                                    T      C      A      G
Homo_sapie                     0.2027 0.1622 0.3694 0.2658
Pan_troglo                     0.1982 0.1667 0.3694 0.2658
Gorilla_go                     0.2072 0.1577 0.3694 0.2658
Pongo_pygm                     0.2027 0.1622 0.3694 0.2658
Macaca_mul                     0.1937 0.1667 0.3739 0.2658

Homogeneity statistic: X2 = 0.00092 G = 0.00092 

Average                         0.2009  0.1631  0.3703  0.2658

# constant sites:    218 (98.20%)
ln Lmax (unconstrained) = -316.049385

Distances: TN93 (kappa)  (alpha set at 0.50)
This matrix is not used in later m.l. analysis.

Homo_sapie       
Pan_troglo         0.0047(999.0000)
Gorilla_go         0.0047(999.0000)  0.0097(999.0000)
Pongo_pygm         0.0000(999.0000)  0.0047(999.0000)  0.0047(999.0000)
Macaca_mul         0.0093( 3.6925)  0.0145( 7.6730)  0.0145( 7.7118)  0.0093( 3.6925)

TREE #  1:  (((1, 2), 3), 4, 5);  MP score: 4.00
lnL(ntime:  7  np: 19):   -319.761096    +0.000000
   6..7     7..8     8..1     8..2     7..3     6..4     6..5  
 0.000004 0.000004 0.000004 0.004519 0.004514 0.000004 0.009152 820.237640 262.057142 0.000010 991.926209 0.000010 0.000010 139.997840 0.000010 0.715189 0.000010 0.000010 317.335769

tree length =   0.01820

(((Homo_sapie, Pan_troglo), Gorilla_go), Pongo_pygm, Macaca_mul);

(((Homo_sapie: 0.000004, Pan_troglo: 0.004519): 0.000004, Gorilla_go: 0.004514): 0.000004, Pongo_pygm: 0.000004, Macaca_mul: 0.009152);

Detailed output identifying parameters

Parameters  in the rate matrix (UNREST) (Yang 1994 J Mol Evol 39:105-111):

Rate parameters:   820.23764 262.05714  0.00001 991.92621  0.00001  0.00001 139.99784  0.00001  0.71519  0.00001  0.00001
Base frequencies:   0.19851  0.16415  0.37159  0.26575
rate matrix Q, Average Ts/Tv (similar to kappa/2) =   3.1351
   -2.515643    1.906528    0.609115    0.000000
    2.305594   -2.305594    0.000000    0.000000
    0.325405    0.000000   -0.327068    0.001662
    0.000000    0.000000    0.002324   -0.002324

alpha (gamma, K=5) = 317.33577
rate:   0.92269  0.96944  0.99897  1.02912  1.07979
freq:   0.20000  0.20000  0.20000  0.20000  0.20000

check convergence..
