#                                                                                   --- full sequence --- -------------- this domain -------------   hmm coord   ali coord   env coord
# target name        accession   tlen query name                  accession   qlen   E-value  score  bias   #  of  c-Evalue  i-Evalue  score  bias  from    to  from    to  from    to  acc description of target
#------------------- ---------- -----        -------------------- ---------- ----- --------- ------ ----- --- --- --------- --------- ------ ----- ----- ----- ----- ----- ----- ----- ---- ---------------------
Globin               PF00042.17   108 gi|4885477|ref|NP_005359.1| -            154     6e-21   74.6   0.3   1   1   6.7e-25   9.2e-21   74.0   0.2     1   107     7   112     7   113 0.97 Globin
