#                                                                             --- full sequence --- -------------- this domain -------------   hmm coord   ali coord   env coord
# target name         accession   tlen query name           accession   qlen   E-value  score  bias   #  of  c-Evalue  i-Evalue  score  bias  from    to  from    to  from    to  acc description of target
# ------------------- ---------- ----- -------------------- ---------- ----- --------- ------ ----- --- --- --------- --------- ------ ----- ----- ----- ----- ----- ----- ----- ---- ---------------------
sp|Q9WUT3|KS6A2_MOUSE -            733 Pkinase              PF00069.17   260  8.4e-147  492.3   0.0   1   2   4.6e-75   3.5e-70  241.2   0.0     1   260    59   318    59   318 0.95 Ribosomal protein S6 kinase alpha-2 OS=Mus musculus GN=Rps6ka2 PE=2 SV=1
sp|Q9WUT3|KS6A2_MOUSE -            733 Pkinase              PF00069.17   260  8.4e-147  492.3   0.0   2   2   1.5e-77   1.1e-72  249.3   0.0     1   260   415   672   415   672 0.97 Ribosomal protein S6 kinase alpha-2 OS=Mus musculus GN=Rps6ka2 PE=2 SV=1
sp|Q63531|KS6A1_RAT   -            735 Pkinase              PF00069.17   260  2.7e-146  490.7   0.0   1   2   1.9e-74   1.4e-69  239.2   0.0     1   258    62   319    62   321 0.94 Ribosomal protein S6 kinase alpha-1 OS=Rattus norvegicus GN=Rps6ka1 PE=1 SV=1
sp|Q63531|KS6A1_RAT   -            735 Pkinase              PF00069.17   260  2.7e-146  490.7   0.0   2   2   1.1e-77   8.7e-73  249.7   0.0     2   260   419   675   418   675 0.97 Ribosomal protein S6 kinase alpha-1 OS=Rattus norvegicus GN=Rps6ka1 PE=1 SV=1
sp|Q15418|KS6A1_HUMAN -            735 Pkinase              PF00069.17   260  2.2e-145  487.7   0.0   1   2   2.9e-74   2.2e-69  238.6   0.0     1   258    62   319    62   321 0.94 Ribosomal protein S6 kinase alpha-1 OS=Homo sapiens GN=RPS6KA1 PE=1 SV=2
sp|Q15418|KS6A1_HUMAN -            735 Pkinase              PF00069.17   260  2.2e-145  487.7   0.0   2   2     6e-77   4.6e-72  247.4   0.0     1   260   418   675   418   675 0.97 Ribosomal protein S6 kinase alpha-1 OS=Homo sapiens GN=RPS6KA1 PE=1 SV=2
sp|P18652|KS6AA_CHICK -            752 Pkinase              PF00069.17   260  2.5e-145  487.5   0.0   1   2   2.1e-74   1.6e-69  239.0   0.0     1   259    80   338    80   339 0.95 Ribosomal protein S6 kinase 2 alpha OS=Gallus gallus GN=RPS6KA PE=2 SV=1
sp|P18652|KS6AA_CHICK -            752 Pkinase              PF00069.17   260  2.5e-145  487.5   0.0   2   2   9.8e-77   7.5e-72  246.7   0.0     1   260   435   692   435   692 0.97 Ribosomal protein S6 kinase 2 alpha OS=Gallus gallus GN=RPS6KA PE=2 SV=1
sp|Q15349|KS6A2_HUMAN -            733 Pkinase              PF00069.17   260  2.4e-144  484.2   0.0   1   2   3.2e-75   2.4e-70  241.7   0.0     1   260    59   318    59   318 0.95 Ribosomal protein S6 kinase alpha-2 OS=Homo sapiens GN=RPS6KA2 PE=1 SV=2
sp|Q15349|KS6A2_HUMAN -            733 Pkinase              PF00069.17   260  2.4e-144  484.2   0.0   2   2   6.4e-75   4.9e-70  240.7   0.0     1   260   415   672   415   672 0.97 Ribosomal protein S6 kinase alpha-2 OS=Homo sapiens GN=RPS6KA2 PE=1 SV=2
sp|P51812|KS6A3_HUMAN -            740 Pkinase              PF00069.17   260    5e-144  483.2   0.0   1   2   8.7e-75   6.6e-70  240.3   0.0     1   260    68   327    68   327 0.95 Ribosomal protein S6 kinase alpha-3 OS=Homo sapiens GN=RPS6KA3 PE=1 SV=1
sp|P51812|KS6A3_HUMAN -            740 Pkinase              PF00069.17   260    5e-144  483.2   0.0   2   2   5.1e-75   3.9e-70  241.0   0.0     1   260   422   679   422   679 0.97 Ribosomal protein S6 kinase alpha-3 OS=Homo sapiens GN=RPS6KA3 PE=1 SV=1
sp|P18654|KS6A3_MOUSE -            740 Pkinase              PF00069.17   260    5e-144  483.2   0.0   1   2   8.7e-75   6.6e-70  240.3   0.0     1   260    68   327    68   327 0.95 Ribosomal protein S6 kinase alpha-3 OS=Mus musculus GN=Rps6ka3 PE=1 SV=2
sp|P18654|KS6A3_MOUSE -            740 Pkinase              PF00069.17   260    5e-144  483.2   0.0   2   2   5.1e-75   3.9e-70  241.0   0.0     1   260   422   679   422   679 0.97 Ribosomal protein S6 kinase alpha-3 OS=Mus musculus GN=Rps6ka3 PE=1 SV=2
