# Sequence scores
# ---------------
#
# name                  bits   E-value   n   exp  bias    description
# ------------------- ------ --------- --- ----- -----    ---------------------

# Domain scores
# -------------
#
#  name                 bits   E-value   hit  bias env-st env-en ali-st ali-en hmm-st hmm-en     description
# ------------------- ------ --------- ----- ----- ------ ------ ------ ------ ------ ------      ---------------------
# Sequence scores
# ---------------
#
# name                   bits   E-value   n   exp  bias    description
#  ------------------- ------ --------- --- ----- -----    ---------------------
sp|Q9WUT3|KS6A2_MOUSE   492.3  8.5e-147   2   2.1   0.0    Ribosomal protein S6 kinase alpha-2 OS=Mus musculus GN=Rps6ka2 PE=1 SV=1
sp|Q63531|KS6A1_RAT     490.7  2.7e-146   2   2.1   0.0    Ribosomal protein S6 kinase alpha-1 OS=Rattus norvegicus GN=Rps6ka1 PE=1 SV=1
sp|Q15418|KS6A1_HUMAN   487.7  2.2e-145   2   2.1   0.0    Ribosomal protein S6 kinase alpha-1 OS=Homo sapiens GN=RPS6KA1 PE=1 SV=2
sp|P18652|KS6AA_CHICK   487.5  2.6e-145   2   2.1   0.0    Ribosomal protein S6 kinase 2 alpha OS=Gallus gallus GN=RPS6KA PE=2 SV=1

# Domain scores
# -------------
#
#  name                  bits   E-value   hit  bias env-st env-en ali-st ali-en hmm-st hmm-en     description
#  ------------------- ------ --------- ----- ----- ------ ------ ------ ------ ------ ------      ---------------------
sp|Q63531|KS6A1_RAT     249.7   8.8e-73     2   0.0    418    675    419    675      2    260     Ribosomal protein S6 kinase alpha-1 OS=Rattus norvegicus GN=Rps6ka1 PE=1 SV=1
sp|Q9WUT3|KS6A2_MOUSE   249.3   1.2e-72     2   0.0    415    672    415    672      1    260     Ribosomal protein S6 kinase alpha-2 OS=Mus musculus GN=Rps6ka2 PE=1 SV=1
sp|Q15418|KS6A1_HUMAN   247.4   4.7e-72     2   0.0    418    675    418    675      1    260     Ribosomal protein S6 kinase alpha-1 OS=Homo sapiens GN=RPS6KA1 PE=1 SV=2
sp|P18652|KS6AA_CHICK   246.7   7.6e-72     2   0.0    435    692    435    692      1    260     Ribosomal protein S6 kinase 2 alpha OS=Gallus gallus GN=RPS6KA PE=2 SV=1
sp|Q9WUT3|KS6A2_MOUSE   241.2   3.6e-70     1   0.0     59    318     59    318      1    260     Ribosomal protein S6 kinase alpha-2 OS=Mus musculus GN=Rps6ka2 PE=1 SV=1
sp|Q63531|KS6A1_RAT     239.2   1.4e-69     1   0.0     62    321     62    319      1    258     Ribosomal protein S6 kinase alpha-1 OS=Rattus norvegicus GN=Rps6ka1 PE=1 SV=1
sp|P18652|KS6AA_CHICK   239.0   1.6e-69     1   0.0     80    339     80    338      1    259     Ribosomal protein S6 kinase 2 alpha OS=Gallus gallus GN=RPS6KA PE=2 SV=1
sp|Q15418|KS6A1_HUMAN   238.6   2.2e-69     1   0.0     62    321     62    319      1    258     Ribosomal protein S6 kinase alpha-1 OS=Homo sapiens GN=RPS6KA1 PE=1 SV=2
#
# Program:         hmmsearch
# Version:         3.1b2 (February 2015)
# Pipeline mode:   SEARCH
# Query file:      inputs/prot_multi.hmm
# Target file:     /home/bow/devel/sandbox/biopython-sandbox/db/hmmer/protdb/uniprot_sprot.fasta
# Option settings: /usr/bin/hmmsearch -o outputs/text_31b2_hmmsearch_001.out --tblout outputs/tab_31b2_hmmsearch_001.out --domtblout outputs/domtab_31b2_hmmsearch_001.out --pfamtblout outputs/pfamtab_31b2_hmmsearch_001.out -T 485 --cpu 2 inputs/prot_multi.hmm /home/bow/devel/sandbox/biopython-sandbox/db/hmmer/protdb/uniprot_sprot.fasta 
# Current dir:     /home/bow/devel/sandbox/biopython-sandbox/test-cases
# Date:            Thu Jul  9 15:38:26 2015
# [ok]
