#                                                               --- full sequence ---- --- best 1 domain ---- --- domain number estimation ----
# target name        accession  query name           accession    E-value  score  bias   E-value  score  bias   exp reg clu  ov env dom rep inc description of target
#------------------- ---------- -------------------- ---------- --------- ------ ----- --------- ------ -----   --- --- --- --- --- --- --- --- ---------------------
Ig_3                 PF13927.1  gi|126362951:116-221 -            1.4e-09   38.2   0.4   2.1e-09   37.6   0.3   1.3   1   0   0   1   1   1   1 Immunoglobulin domain
Ig_2                 PF13895.1  gi|126362951:116-221 -            3.5e-05   23.7   0.1   4.3e-05   23.4   0.1   1.1   1   0   0   1   1   1   1 Immunoglobulin domain
